Cdataset: 663 drugs, 409 diseases, 2532 known links (0.93% density)

### MV-HGAT (ours)  [cv5]
    rep 0 fold 0: AUC 0.9520  AUPR 0.5684  (26s)
    rep 0 fold 1: AUC 0.9617  AUPR 0.6003  (49s)
    rep 0 fold 2: AUC 0.9617  AUPR 0.6040  (72s)
    rep 0 fold 3: AUC 0.9601  AUPR 0.5590  (95s)
    rep 0 fold 4: AUC 0.9671  AUPR 0.6168  (118s)
    rep 1 fold 0: AUC 0.9571  AUPR 0.5489  (142s)
    rep 1 fold 1: AUC 0.9648  AUPR 0.5988  (165s)
    rep 1 fold 2: AUC 0.9639  AUPR 0.6008  (197s)
    rep 1 fold 3: AUC 0.9605  AUPR 0.6208  (235s)
    rep 1 fold 4: AUC 0.9609  AUPR 0.6040  (269s)
    rep 2 fold 0: AUC 0.9593  AUPR 0.5580  (296s)
    rep 2 fold 1: AUC 0.9657  AUPR 0.5876  (320s)
    rep 2 fold 2: AUC 0.9605  AUPR 0.5671  (343s)
    rep 2 fold 3: AUC 0.9465  AUPR 0.5359  (366s)
    rep 2 fold 4: AUC 0.9687  AUPR 0.6285  (389s)
    rep 3 fold 0: AUC 0.9528  AUPR 0.5564  (413s)
    rep 3 fold 1: AUC 0.9590  AUPR 0.6138  (436s)
    rep 3 fold 2: AUC 0.9572  AUPR 0.5728  (459s)
    rep 3 fold 3: AUC 0.9631  AUPR 0.5605  (482s)
    rep 3 fold 4: AUC 0.9615  AUPR 0.6216  (505s)
    rep 4 fold 0: AUC 0.9546  AUPR 0.5795  (528s)
    rep 4 fold 1: AUC 0.9629  AUPR 0.6071  (551s)
    rep 4 fold 2: AUC 0.9606  AUPR 0.5635  (574s)
    rep 4 fold 3: AUC 0.9678  AUPR 0.6117  (598s)
    rep 4 fold 4: AUC 0.9540  AUPR 0.5702  (621s)
==> MV-HGAT (ours): AUC 0.9602 ± 0.0052 | AUPR 0.5862 ± 0.0260

### MBiRW  [cv5]
    rep 0 fold 0: AUC 0.8994  AUPR 0.4095  (0s)
    rep 0 fold 1: AUC 0.9093  AUPR 0.4283  (0s)
    rep 0 fold 2: AUC 0.9189  AUPR 0.4425  (0s)
    rep 0 fold 3: AUC 0.9107  AUPR 0.4418  (0s)
    rep 0 fold 4: AUC 0.9256  AUPR 0.4375  (0s)
    rep 1 fold 0: AUC 0.9065  AUPR 0.4256  (0s)
    rep 1 fold 1: AUC 0.9095  AUPR 0.4353  (0s)
    rep 1 fold 2: AUC 0.9083  AUPR 0.4100  (0s)
    rep 1 fold 3: AUC 0.9141  AUPR 0.4066  (0s)
    rep 1 fold 4: AUC 0.9152  AUPR 0.4672  (1s)
    rep 2 fold 0: AUC 0.9181  AUPR 0.4114  (1s)
    rep 2 fold 1: AUC 0.9185  AUPR 0.4253  (1s)
    rep 2 fold 2: AUC 0.9058  AUPR 0.4491  (1s)
    rep 2 fold 3: AUC 0.8990  AUPR 0.4287  (1s)
    rep 2 fold 4: AUC 0.9130  AUPR 0.4118  (1s)
    rep 3 fold 0: AUC 0.9076  AUPR 0.3964  (1s)
    rep 3 fold 1: AUC 0.9170  AUPR 0.4310  (1s)
    rep 3 fold 2: AUC 0.9013  AUPR 0.4078  (1s)
    rep 3 fold 3: AUC 0.9092  AUPR 0.4226  (1s)
    rep 3 fold 4: AUC 0.9098  AUPR 0.4487  (1s)
    rep 4 fold 0: AUC 0.9083  AUPR 0.4305  (1s)
    rep 4 fold 1: AUC 0.9174  AUPR 0.4219  (1s)
    rep 4 fold 2: AUC 0.9090  AUPR 0.3992  (1s)
    rep 4 fold 3: AUC 0.9147  AUPR 0.4466  (1s)
    rep 4 fold 4: AUC 0.9031  AUPR 0.4155  (1s)
==> MBiRW: AUC 0.9108 ± 0.0064 | AUPR 0.4260 ± 0.0172

### DRRS  [cv5]
    rep 0 fold 0: AUC 0.9068  AUPR 0.4873  (4s)
    rep 0 fold 1: AUC 0.9106  AUPR 0.5134  (7s)
    rep 0 fold 2: AUC 0.9084  AUPR 0.4809  (11s)
    rep 0 fold 3: AUC 0.9120  AUPR 0.4602  (14s)
    rep 0 fold 4: AUC 0.9198  AUPR 0.5034  (18s)
    rep 1 fold 0: AUC 0.8864  AUPR 0.5032  (21s)
    rep 1 fold 1: AUC 0.9140  AUPR 0.4793  (25s)
    rep 1 fold 2: AUC 0.8912  AUPR 0.4798  (28s)
    rep 1 fold 3: AUC 0.9046  AUPR 0.5248  (32s)
    rep 1 fold 4: AUC 0.9171  AUPR 0.5382  (36s)
    rep 2 fold 0: AUC 0.9091  AUPR 0.4841  (39s)
    rep 2 fold 1: AUC 0.9131  AUPR 0.5362  (43s)
    rep 2 fold 2: AUC 0.8963  AUPR 0.4718  (46s)
    rep 2 fold 3: AUC 0.8953  AUPR 0.5111  (50s)
    rep 2 fold 4: AUC 0.9189  AUPR 0.5194  (53s)
    rep 3 fold 0: AUC 0.9050  AUPR 0.5020  (57s)
    rep 3 fold 1: AUC 0.9092  AUPR 0.5075  (60s)
    rep 3 fold 2: AUC 0.8904  AUPR 0.4973  (64s)
    rep 3 fold 3: AUC 0.8981  AUPR 0.4736  (67s)
    rep 3 fold 4: AUC 0.9053  AUPR 0.5242  (71s)
    rep 4 fold 0: AUC 0.9219  AUPR 0.5333  (75s)
    rep 4 fold 1: AUC 0.9126  AUPR 0.5130  (78s)
    rep 4 fold 2: AUC 0.9058  AUPR 0.4936  (82s)
    rep 4 fold 3: AUC 0.9195  AUPR 0.5137  (85s)
    rep 4 fold 4: AUC 0.9006  AUPR 0.5005  (89s)
==> DRRS: AUC 0.9069 ± 0.0096 | AUPR 0.5021 ± 0.0208

### SCMFDD  [cv5]
    rep 0 fold 0: AUC 0.9027  AUPR 0.5691  (1s)
    rep 0 fold 1: AUC 0.9184  AUPR 0.5895  (2s)
    rep 0 fold 2: AUC 0.9216  AUPR 0.5860  (2s)
    rep 0 fold 3: AUC 0.8980  AUPR 0.5457  (3s)
    rep 0 fold 4: AUC 0.9306  AUPR 0.6084  (4s)
    rep 1 fold 0: AUC 0.9113  AUPR 0.5576  (4s)
    rep 1 fold 1: AUC 0.9178  AUPR 0.6096  (5s)
    rep 1 fold 2: AUC 0.9145  AUPR 0.5641  (6s)
    rep 1 fold 3: AUC 0.9145  AUPR 0.6146  (7s)
    rep 1 fold 4: AUC 0.9189  AUPR 0.6081  (8s)
    rep 2 fold 0: AUC 0.9117  AUPR 0.5601  (9s)
    rep 2 fold 1: AUC 0.9191  AUPR 0.6002  (9s)
    rep 2 fold 2: AUC 0.9090  AUPR 0.5925  (10s)
    rep 2 fold 3: AUC 0.8948  AUPR 0.5747  (11s)
    rep 2 fold 4: AUC 0.9173  AUPR 0.6110  (12s)
    rep 3 fold 0: AUC 0.9186  AUPR 0.5922  (13s)
    rep 3 fold 1: AUC 0.9141  AUPR 0.5957  (14s)
    rep 3 fold 2: AUC 0.9037  AUPR 0.5846  (15s)
    rep 3 fold 3: AUC 0.9054  AUPR 0.5693  (16s)
    rep 3 fold 4: AUC 0.9081  AUPR 0.6005  (16s)
    rep 4 fold 0: AUC 0.9128  AUPR 0.6110  (17s)
    rep 4 fold 1: AUC 0.9155  AUPR 0.6193  (18s)
    rep 4 fold 2: AUC 0.9027  AUPR 0.5532  (18s)
    rep 4 fold 3: AUC 0.9210  AUPR 0.5987  (19s)
    rep 4 fold 4: AUC 0.9113  AUPR 0.5823  (20s)
==> SCMFDD: AUC 0.9125 ± 0.0080 | AUPR 0.5879 ± 0.0207

### NIMCGCN  [cv5]
    rep 0 fold 0: AUC 0.8736  AUPR 0.1009  (5s)
    rep 0 fold 1: AUC 0.8774  AUPR 0.1280  (10s)
    rep 0 fold 2: AUC 0.8812  AUPR 0.1235  (15s)
    rep 0 fold 3: AUC 0.8733  AUPR 0.1279  (20s)
    rep 0 fold 4: AUC 0.8840  AUPR 0.1030  (25s)
    rep 1 fold 0: AUC 0.8673  AUPR 0.1121  (30s)
    rep 1 fold 1: AUC 0.8821  AUPR 0.1110  (36s)
    rep 1 fold 2: AUC 0.8788  AUPR 0.1080  (41s)
    rep 1 fold 3: AUC 0.8867  AUPR 0.1136  (46s)
    rep 1 fold 4: AUC 0.8698  AUPR 0.1486  (51s)
    rep 2 fold 0: AUC 0.8696  AUPR 0.1008  (56s)
    rep 2 fold 1: AUC 0.8870  AUPR 0.1462  (61s)
    rep 2 fold 2: AUC 0.8615  AUPR 0.0915  (66s)
    rep 2 fold 3: AUC 0.8630  AUPR 0.1392  (71s)
    rep 2 fold 4: AUC 0.8863  AUPR 0.1262  (76s)
    rep 3 fold 0: AUC 0.8820  AUPR 0.1165  (81s)
    rep 3 fold 1: AUC 0.8811  AUPR 0.1203  (86s)
    rep 3 fold 2: AUC 0.8786  AUPR 0.1029  (91s)
    rep 3 fold 3: AUC 0.8720  AUPR 0.1019  (96s)
    rep 3 fold 4: AUC 0.8706  AUPR 0.1419  (101s)
    rep 4 fold 0: AUC 0.8630  AUPR 0.1044  (106s)
    rep 4 fold 1: AUC 0.8836  AUPR 0.1157  (111s)
    rep 4 fold 2: AUC 0.8589  AUPR 0.1133  (116s)
    rep 4 fold 3: AUC 0.8737  AUPR 0.1276  (121s)
    rep 4 fold 4: AUC 0.8609  AUPR 0.1088  (126s)
==> NIMCGCN: AUC 0.8746 ± 0.0086 | AUPR 0.1174 ± 0.0150

### LAGCN  [cv5]
    rep 0 fold 0: AUC 0.8750  AUPR 0.1966  (3s)
    rep 0 fold 1: AUC 0.8690  AUPR 0.2062  (6s)
    rep 0 fold 2: AUC 0.8638  AUPR 0.2648  (9s)
    rep 0 fold 3: AUC 0.8538  AUPR 0.2375  (12s)
    rep 0 fold 4: AUC 0.8772  AUPR 0.2406  (16s)
    rep 1 fold 0: AUC 0.8733  AUPR 0.2451  (19s)
    rep 1 fold 1: AUC 0.8778  AUPR 0.2613  (23s)
    rep 1 fold 2: AUC 0.8689  AUPR 0.2301  (26s)
    rep 1 fold 3: AUC 0.8608  AUPR 0.2068  (30s)
    rep 1 fold 4: AUC 0.8652  AUPR 0.2484  (33s)
    rep 2 fold 0: AUC 0.8495  AUPR 0.2449  (37s)
    rep 2 fold 1: AUC 0.8724  AUPR 0.2003  (40s)
    rep 2 fold 2: AUC 0.8748  AUPR 0.1975  (43s)
    rep 2 fold 3: AUC 0.8400  AUPR 0.2001  (47s)
    rep 2 fold 4: AUC 0.8595  AUPR 0.2425  (50s)
    rep 3 fold 0: AUC 0.8742  AUPR 0.2413  (53s)
    rep 3 fold 1: AUC 0.8608  AUPR 0.2374  (57s)
    rep 3 fold 2: AUC 0.8753  AUPR 0.2602  (60s)
    rep 3 fold 3: AUC 0.8639  AUPR 0.1920  (64s)
    rep 3 fold 4: AUC 0.8581  AUPR 0.2159  (67s)
    rep 4 fold 0: AUC 0.8602  AUPR 0.1941  (70s)
    rep 4 fold 1: AUC 0.8664  AUPR 0.1982  (73s)
    rep 4 fold 2: AUC 0.8572  AUPR 0.2071  (77s)
    rep 4 fold 3: AUC 0.8711  AUPR 0.2761  (80s)
    rep 4 fold 4: AUC 0.8539  AUPR 0.1944  (83s)
==> LAGCN: AUC 0.8649 ± 0.0094 | AUPR 0.2256 ± 0.0259

         method    AUC  AUC_std   AUPR  AUPR_std  n_runs
          DRRS 0.9069   0.0096 0.5021    0.0208      25
         LAGCN 0.8649   0.0094 0.2256    0.0259      25
         MBiRW 0.9108   0.0064 0.4260    0.0172      25
MV-HGAT (ours) 0.9602   0.0052 0.5862    0.0260      25
       NIMCGCN 0.8746   0.0086 0.1174    0.0150      25
        SCMFDD 0.9125   0.0080 0.5879    0.0207      25
