Fdataset: 593 drugs, 313 diseases, 1933 known links (1.04% density)

### MV-HGAT (ours)  [cv5]
    rep 0 fold 0: AUC 0.9402  AUPR 0.5092  (23s)
    rep 0 fold 1: AUC 0.9395  AUPR 0.4659  (43s)
    rep 0 fold 2: AUC 0.9349  AUPR 0.5119  (64s)
    rep 0 fold 3: AUC 0.9557  AUPR 0.5432  (84s)
    rep 0 fold 4: AUC 0.9467  AUPR 0.4715  (104s)
    rep 1 fold 0: AUC 0.9344  AUPR 0.4561  (124s)
    rep 1 fold 1: AUC 0.9366  AUPR 0.4883  (144s)
    rep 1 fold 2: AUC 0.9499  AUPR 0.5084  (163s)
    rep 1 fold 3: AUC 0.9421  AUPR 0.5059  (182s)
    rep 1 fold 4: AUC 0.9307  AUPR 0.4730  (202s)
    rep 2 fold 0: AUC 0.9402  AUPR 0.5066  (222s)
    rep 2 fold 1: AUC 0.9438  AUPR 0.4732  (243s)
    rep 2 fold 2: AUC 0.9282  AUPR 0.5019  (264s)
    rep 2 fold 3: AUC 0.9426  AUPR 0.4804  (285s)
    rep 2 fold 4: AUC 0.9382  AUPR 0.4779  (305s)
    rep 3 fold 0: AUC 0.9377  AUPR 0.5050  (326s)
    rep 3 fold 1: AUC 0.9420  AUPR 0.4923  (347s)
    rep 3 fold 2: AUC 0.9436  AUPR 0.4734  (367s)
    rep 3 fold 3: AUC 0.9364  AUPR 0.5000  (387s)
    rep 3 fold 4: AUC 0.9445  AUPR 0.4771  (408s)
    rep 4 fold 0: AUC 0.9287  AUPR 0.4798  (429s)
    rep 4 fold 1: AUC 0.9486  AUPR 0.5323  (449s)
    rep 4 fold 2: AUC 0.9279  AUPR 0.4936  (470s)
    rep 4 fold 3: AUC 0.9263  AUPR 0.4012  (490s)
    rep 4 fold 4: AUC 0.9417  AUPR 0.4664  (510s)
==> MV-HGAT (ours): AUC 0.9392 ± 0.0072 | AUPR 0.4878 ± 0.0273

### MBiRW  [cv5]
    rep 0 fold 0: AUC 0.8756  AUPR 0.3086  (0s)
    rep 0 fold 1: AUC 0.8818  AUPR 0.3052  (0s)
    rep 0 fold 2: AUC 0.8847  AUPR 0.3511  (0s)
    rep 0 fold 3: AUC 0.9030  AUPR 0.3210  (0s)
    rep 0 fold 4: AUC 0.8848  AUPR 0.2832  (0s)
    rep 1 fold 0: AUC 0.8647  AUPR 0.3399  (0s)
    rep 1 fold 1: AUC 0.8863  AUPR 0.3094  (0s)
    rep 1 fold 2: AUC 0.8822  AUPR 0.2984  (0s)
    rep 1 fold 3: AUC 0.8888  AUPR 0.3154  (0s)
    rep 1 fold 4: AUC 0.8885  AUPR 0.3040  (0s)
    rep 2 fold 0: AUC 0.8956  AUPR 0.2998  (0s)
    rep 2 fold 1: AUC 0.8907  AUPR 0.2984  (0s)
    rep 2 fold 2: AUC 0.8716  AUPR 0.3382  (0s)
    rep 2 fold 3: AUC 0.8846  AUPR 0.3008  (0s)
    rep 2 fold 4: AUC 0.8775  AUPR 0.2947  (1s)
    rep 3 fold 0: AUC 0.8899  AUPR 0.2763  (1s)
    rep 3 fold 1: AUC 0.8864  AUPR 0.3274  (1s)
    rep 3 fold 2: AUC 0.8768  AUPR 0.3386  (1s)
    rep 3 fold 3: AUC 0.8741  AUPR 0.3138  (1s)
    rep 3 fold 4: AUC 0.8833  AUPR 0.2945  (1s)
    rep 4 fold 0: AUC 0.8769  AUPR 0.3310  (1s)
    rep 4 fold 1: AUC 0.9019  AUPR 0.3022  (1s)
    rep 4 fold 2: AUC 0.8887  AUPR 0.3236  (1s)
    rep 4 fold 3: AUC 0.8645  AUPR 0.2938  (1s)
    rep 4 fold 4: AUC 0.8751  AUPR 0.2937  (1s)
==> MBiRW: AUC 0.8831 ± 0.0095 | AUPR 0.3105 ± 0.0187

### DRRS  [cv5]
    rep 0 fold 0: AUC 0.8842  AUPR 0.3715  (3s)
    rep 0 fold 1: AUC 0.8811  AUPR 0.4070  (7s)
    rep 0 fold 2: AUC 0.8498  AUPR 0.3951  (10s)
    rep 0 fold 3: AUC 0.8941  AUPR 0.3723  (13s)
    rep 0 fold 4: AUC 0.8687  AUPR 0.3590  (17s)
    rep 1 fold 0: AUC 0.8818  AUPR 0.3846  (20s)
    rep 1 fold 1: AUC 0.8824  AUPR 0.3914  (23s)
    rep 1 fold 2: AUC 0.8962  AUPR 0.3827  (27s)
    rep 1 fold 3: AUC 0.8630  AUPR 0.3924  (30s)
    rep 1 fold 4: AUC 0.8782  AUPR 0.3803  (33s)
    rep 2 fold 0: AUC 0.8853  AUPR 0.3853  (37s)
    rep 2 fold 1: AUC 0.8757  AUPR 0.3878  (40s)
    rep 2 fold 2: AUC 0.8738  AUPR 0.4443  (43s)
    rep 2 fold 3: AUC 0.8860  AUPR 0.4061  (47s)
    rep 2 fold 4: AUC 0.8874  AUPR 0.3764  (50s)
    rep 3 fold 0: AUC 0.8816  AUPR 0.3776  (53s)
    rep 3 fold 1: AUC 0.8632  AUPR 0.3944  (57s)
    rep 3 fold 2: AUC 0.8843  AUPR 0.3902  (60s)
    rep 3 fold 3: AUC 0.8754  AUPR 0.3827  (63s)
    rep 3 fold 4: AUC 0.8873  AUPR 0.4130  (66s)
    rep 4 fold 0: AUC 0.8799  AUPR 0.3929  (70s)
    rep 4 fold 1: AUC 0.8982  AUPR 0.3988  (73s)
    rep 4 fold 2: AUC 0.8795  AUPR 0.3990  (76s)
    rep 4 fold 3: AUC 0.8472  AUPR 0.3564  (80s)
    rep 4 fold 4: AUC 0.8841  AUPR 0.3923  (83s)
==> DRRS: AUC 0.8787 ± 0.0123 | AUPR 0.3893 ± 0.0174

### SCMFDD  [cv5]
    rep 0 fold 0: AUC 0.8971  AUPR 0.4596  (1s)
    rep 0 fold 1: AUC 0.8707  AUPR 0.5157  (2s)
    rep 0 fold 2: AUC 0.8931  AUPR 0.4951  (3s)
    rep 0 fold 3: AUC 0.9067  AUPR 0.4845  (4s)
    rep 0 fold 4: AUC 0.9044  AUPR 0.4848  (5s)
    rep 1 fold 0: AUC 0.8837  AUPR 0.4711  (6s)
    rep 1 fold 1: AUC 0.8947  AUPR 0.5072  (7s)
    rep 1 fold 2: AUC 0.9002  AUPR 0.5063  (8s)
    rep 1 fold 3: AUC 0.8856  AUPR 0.4643  (9s)
    rep 1 fold 4: AUC 0.8892  AUPR 0.4731  (10s)
    rep 2 fold 0: AUC 0.8998  AUPR 0.4537  (11s)
    rep 2 fold 1: AUC 0.8940  AUPR 0.4882  (12s)
    rep 2 fold 2: AUC 0.8775  AUPR 0.5148  (13s)
    rep 2 fold 3: AUC 0.9047  AUPR 0.5309  (14s)
    rep 2 fold 4: AUC 0.8838  AUPR 0.5008  (15s)
    rep 3 fold 0: AUC 0.9078  AUPR 0.5081  (16s)
    rep 3 fold 1: AUC 0.8996  AUPR 0.4996  (16s)
    rep 3 fold 2: AUC 0.8939  AUPR 0.4911  (17s)
    rep 3 fold 3: AUC 0.8777  AUPR 0.4928  (18s)
    rep 3 fold 4: AUC 0.9031  AUPR 0.5053  (19s)
    rep 4 fold 0: AUC 0.8944  AUPR 0.5215  (20s)
    rep 4 fold 1: AUC 0.9109  AUPR 0.5154  (21s)
    rep 4 fold 2: AUC 0.8918  AUPR 0.5125  (22s)
    rep 4 fold 3: AUC 0.8807  AUPR 0.4728  (23s)
    rep 4 fold 4: AUC 0.8911  AUPR 0.4967  (24s)
==> SCMFDD: AUC 0.8934 ± 0.0102 | AUPR 0.4946 ± 0.0199

### NIMCGCN  [cv5]
    rep 0 fold 0: AUC 0.8334  AUPR 0.1143  (5s)
    rep 0 fold 1: AUC 0.8480  AUPR 0.1109  (10s)
    rep 0 fold 2: AUC 0.8191  AUPR 0.0839  (16s)
    rep 0 fold 3: AUC 0.8556  AUPR 0.0980  (21s)
    rep 0 fold 4: AUC 0.8400  AUPR 0.0977  (26s)
    rep 1 fold 0: AUC 0.8244  AUPR 0.0846  (30s)
    rep 1 fold 1: AUC 0.8299  AUPR 0.0821  (36s)
    rep 1 fold 2: AUC 0.8453  AUPR 0.0877  (40s)
    rep 1 fold 3: AUC 0.8467  AUPR 0.0889  (45s)
    rep 1 fold 4: AUC 0.8484  AUPR 0.0955  (51s)
    rep 2 fold 0: AUC 0.8451  AUPR 0.0986  (56s)
    rep 2 fold 1: AUC 0.8414  AUPR 0.0759  (60s)
    rep 2 fold 2: AUC 0.8361  AUPR 0.0990  (65s)
    rep 2 fold 3: AUC 0.8278  AUPR 0.0718  (70s)
    rep 2 fold 4: AUC 0.8503  AUPR 0.1057  (74s)
    rep 3 fold 0: AUC 0.8446  AUPR 0.0967  (80s)
    rep 3 fold 1: AUC 0.8438  AUPR 0.1076  (85s)
    rep 3 fold 2: AUC 0.8368  AUPR 0.1126  (90s)
    rep 3 fold 3: AUC 0.8392  AUPR 0.1033  (95s)
    rep 3 fold 4: AUC 0.8303  AUPR 0.0894  (100s)
    rep 4 fold 0: AUC 0.8298  AUPR 0.1301  (104s)
    rep 4 fold 1: AUC 0.8445  AUPR 0.0989  (109s)
    rep 4 fold 2: AUC 0.8350  AUPR 0.1012  (114s)
    rep 4 fold 3: AUC 0.8260  AUPR 0.0829  (120s)
    rep 4 fold 4: AUC 0.8379  AUPR 0.0720  (125s)
==> NIMCGCN: AUC 0.8384 ± 0.0089 | AUPR 0.0956 ± 0.0137

### LAGCN  [cv5]
    rep 0 fold 0: AUC 0.8061  AUPR 0.1212  (3s)
    rep 0 fold 1: AUC 0.8294  AUPR 0.1364  (6s)
    rep 0 fold 2: AUC 0.8083  AUPR 0.0998  (10s)
    rep 0 fold 3: AUC 0.8479  AUPR 0.1151  (13s)
    rep 0 fold 4: AUC 0.8436  AUPR 0.1314  (16s)
    rep 1 fold 0: AUC 0.8305  AUPR 0.1351  (20s)
    rep 1 fold 1: AUC 0.8422  AUPR 0.1471  (24s)
    rep 1 fold 2: AUC 0.8419  AUPR 0.1153  (28s)
    rep 1 fold 3: AUC 0.8396  AUPR 0.1340  (31s)
    rep 1 fold 4: AUC 0.8414  AUPR 0.1553  (34s)
    rep 2 fold 0: AUC 0.8402  AUPR 0.1720  (37s)
    rep 2 fold 1: AUC 0.8462  AUPR 0.1294  (41s)
    rep 2 fold 2: AUC 0.8201  AUPR 0.0874  (44s)
    rep 2 fold 3: AUC 0.8459  AUPR 0.1377  (47s)
    rep 2 fold 4: AUC 0.8301  AUPR 0.1270  (51s)
    rep 3 fold 0: AUC 0.8387  AUPR 0.1427  (55s)
    rep 3 fold 1: AUC 0.8416  AUPR 0.1498  (58s)
    rep 3 fold 2: AUC 0.8373  AUPR 0.1390  (62s)
    rep 3 fold 3: AUC 0.8496  AUPR 0.1481  (66s)
    rep 3 fold 4: AUC 0.8330  AUPR 0.1086  (69s)
    rep 4 fold 0: AUC 0.8358  AUPR 0.1423  (73s)
    rep 4 fold 1: AUC 0.8600  AUPR 0.1497  (76s)
    rep 4 fold 2: AUC 0.8113  AUPR 0.1190  (80s)
    rep 4 fold 3: AUC 0.7969  AUPR 0.1433  (84s)
    rep 4 fold 4: AUC 0.8153  AUPR 0.1339  (88s)
==> LAGCN: AUC 0.8333 ± 0.0152 | AUPR 0.1328 ± 0.0181

         method    AUC  AUC_std   AUPR  AUPR_std  n_runs
          DRRS 0.8787   0.0123 0.3893    0.0174      25
         LAGCN 0.8333   0.0152 0.1328    0.0181      25
         MBiRW 0.8831   0.0095 0.3105    0.0187      25
MV-HGAT (ours) 0.9392   0.0072 0.4878    0.0273      25
       NIMCGCN 0.8384   0.0089 0.0956    0.0137      25
        SCMFDD 0.8934   0.0102 0.4946    0.0199      25
